$ bun server/index.js --port ${KRONOSCHAMBER_PORT:-3001}
Starting KronosChamber on port 3001
macOS Say TTS available with 188 voices
[zen] Startup model validation failed (non-blocking): Unable to connect. Is the computer able to access the url?
KRONOSCODE_EXTERNAL_ONLY is enabled; attaching to external KronosCode on port 4096
Detected KronosCode port: 4096
Setting up proxy to KronosCode on port 4096
Serving static files from /Users/albsheralsadi/kronosfinal/kronoscoder/packages/web/dist
KronosChamber server running on port 3001
Health check: http://localhost:3001/health
Web interface: http://localhost:3001
[PushWatcher] connected
2026-03-06T15:23:23.711Z - GET /api/runtime/status
2026-03-06T15:23:26.714Z - GET /api/runtime/status
2026-03-06T15:23:30.328Z - GET /api/runtime/status
2026-03-06T15:23:33.318Z - GET /api/runtime/status
2026-03-06T15:23:36.926Z - GET /api/runtime/status
2026-03-06T15:23:40.160Z - GET /api/runtime/status
2026-03-06T15:23:41.755Z - GET /api/runtime/status
2026-03-06T15:23:44.775Z - GET /api/runtime/status
2026-03-06T15:23:48.831Z - GET /api/runtime/status
2026-03-06T15:23:51.730Z - GET /api/runtime/status
2026-03-06T15:23:57.479Z - GET /api/runtime/status
2026-03-06T15:23:57.480Z - GET /api/runtime/status
2026-03-06T15:24:01.155Z - GET /api/runtime/status
2026-03-06T15:24:03.235Z - GET /api/runtime/status
2026-03-06T15:24:05.423Z - GET /api/runtime/status
error: script "dev:server" was terminated by signal SIGKILL (Forced quit)
