$ bun server/index.js --port ${KRONOSCHAMBER_PORT:-3001}
Starting KronosChamber on port 3001
macOS Say TTS available with 188 voices
[zen] Startup model validation failed (non-blocking): Unable to connect. Is the computer able to access the url?
KRONOSCODE_EXTERNAL_ONLY is enabled; attaching to external KronosCode on port 4096
Detected KronosCode port: 4096
Setting up proxy to KronosCode on port 4096
Serving static files from /Users/albsheralsadi/kronosfinal/kronoscoder/packages/web/dist
KronosChamber server running on port 3001
Health check: http://localhost:3001/health
Web interface: http://localhost:3001
[PushWatcher] connected
2026-03-05T09:48:43.021Z - GET /api/runtime/status
2026-03-05T09:48:45.717Z - GET /api/global/event
[sse] connect scope=global reason=new-stream path=/global/event
[sse] lifecycle action=connect reason=new-stream scope=global
2026-03-05T09:48:45.727Z - GET /api/runtime/tasks
2026-03-05T09:48:45.876Z - GET /api/sessions/snapshot
2026-03-05T09:48:45.877Z - GET /api/session/status
API → KronosCode: GET /session/status
2026-03-05T09:48:46.023Z - GET /api/runtime/status
2026-03-05T09:48:46.826Z - GET /api/sessions/snapshot
2026-03-05T09:48:46.827Z - GET /api/session/status
API → KronosCode: GET /session/status
2026-03-05T09:48:46.850Z - GET /api/global/event
[sse] connect scope=global reason=new-stream path=/global/event
[sse] lifecycle action=connect reason=new-stream scope=global
2026-03-05T09:48:46.864Z - GET /api/runtime/tasks
2026-03-05T09:48:46.872Z - GET /api/session/ses_342dc1024ffeNHK8vmkstCdYmX/message
API → KronosCode: GET /session/ses_342dc1024ffeNHK8vmkstCdYmX/message
2026-03-05T09:48:47.847Z - GET /api/sessions/snapshot
2026-03-05T09:48:47.864Z - GET /api/session/status
API → KronosCode: GET /session/status
2026-03-05T09:48:47.865Z - GET /api/session/ses_342dc1024ffeNHK8vmkstCdYmX
API → KronosCode: GET /session/ses_342dc1024ffeNHK8vmkstCdYmX
2026-03-05T09:48:49.771Z - GET /api/git/check
2026-03-05T09:48:49.777Z - GET /api/runtime/status
2026-03-05T09:48:50.029Z - POST /api/push/visibility
2026-03-05T09:48:50.859Z - GET /api/sessions/snapshot
2026-03-05T09:48:50.863Z - GET /api/session/status
API → KronosCode: GET /session/status
2026-03-05T09:48:52.630Z - GET /api/runtime/status
2026-03-05T09:48:56.393Z - GET /api/runtime/status
2026-03-05T09:48:59.442Z - GET /api/runtime/status
2026-03-05T09:48:59.795Z - GET /api/git/check
2026-03-05T09:49:00.017Z - POST /api/push/visibility
2026-03-05T09:49:01.052Z - GET /api/runtime/status
2026-03-05T09:49:04.071Z - GET /api/runtime/status
2026-03-05T09:49:08.192Z - GET /api/runtime/status
2026-03-05T09:49:10.787Z - GET /api/git/check
2026-03-05T09:49:10.809Z - POST /api/push/visibility
2026-03-05T09:49:10.811Z - GET /api/runtime/status
2026-03-05T09:49:13.104Z - GET /api/runtime/status
2026-03-05T09:49:18.246Z - GET /api/runtime/status
2026-03-05T09:49:20.457Z - POST /api/push/visibility
2026-03-05T09:49:20.458Z - GET /api/runtime/status
2026-03-05T09:49:22.202Z - GET /api/git/check
2026-03-05T09:49:22.206Z - GET /api/runtime/status
2026-03-05T09:49:30.133Z - POST /api/push/visibility
2026-03-05T09:49:32.280Z - GET /api/git/check
2026-03-05T09:49:40.096Z - GET /api/desktop-control/knowledge
2026-03-05T09:49:40.150Z - POST /api/push/visibility
2026-03-05T09:49:40.174Z - GET /api/runtime/status
2026-03-05T09:49:43.887Z - GET /api/git/check
2026-03-05T09:49:50.011Z - POST /api/push/visibility
2026-03-05T09:49:53.923Z - GET /api/git/check
2026-03-05T09:49:56.458Z - POST /api/runtime/task
2026-03-05T09:50:00.008Z - POST /api/push/visibility
2026-03-05T09:50:03.932Z - GET /api/git/check
2026-03-05T09:50:10.010Z - POST /api/push/visibility
2026-03-05T09:50:13.943Z - GET /api/git/check
2026-03-05T09:50:20.009Z - POST /api/push/visibility
2026-03-05T09:50:23.961Z - GET /api/git/check
2026-03-05T09:50:30.009Z - POST /api/push/visibility
2026-03-05T09:50:33.971Z - GET /api/git/check
2026-03-05T09:50:40.009Z - POST /api/push/visibility
2026-03-05T09:50:43.977Z - GET /api/git/check
2026-03-05T09:50:50.009Z - POST /api/push/visibility
2026-03-05T09:50:53.983Z - GET /api/git/check
2026-03-05T09:51:00.009Z - POST /api/push/visibility
2026-03-05T09:51:03.990Z - GET /api/git/check
2026-03-05T09:51:10.009Z - POST /api/push/visibility
2026-03-05T09:51:13.996Z - GET /api/git/check
error: script "dev:server" was terminated by signal SIGKILL (Forced quit)
