$ bun server/index.js --port ${KRONOSCHAMBER_PORT:-3001}
Starting KronosChamber on port 3001
macOS Say TTS available with 188 voices
[zen] Startup model validation failed (non-blocking): Unable to connect. Is the computer able to access the url?
KRONOSCODE_EXTERNAL_ONLY is enabled; attaching to external KronosCode on port 4096
Detected KronosCode port: 4096
Setting up proxy to KronosCode on port 4096
Serving static files from /Users/albsheralsadi/kronosfinal/kronoscoder/packages/web/dist
KronosChamber server running on port 3001
Health check: http://localhost:3001/health
Web interface: http://localhost:3001
[PushWatcher] connected
2026-03-06T15:20:40.284Z - GET /api/runtime/status
2026-03-06T15:20:43.290Z - GET /api/runtime/status
2026-03-06T15:20:46.941Z - GET /api/runtime/status
2026-03-06T15:20:49.923Z - GET /api/runtime/status
2026-03-06T15:20:53.547Z - GET /api/runtime/status
2026-03-06T15:20:56.673Z - GET /api/runtime/status
2026-03-06T15:20:58.325Z - GET /api/runtime/status
2026-03-06T15:21:01.343Z - GET /api/runtime/status
2026-03-06T15:21:05.311Z - GET /api/runtime/status
2026-03-06T15:21:08.117Z - GET /api/runtime/status
2026-03-06T15:21:14.166Z - GET /api/runtime/status
2026-03-06T15:21:14.167Z - GET /api/runtime/status
2026-03-06T15:21:18.360Z - GET /api/runtime/status
2026-03-06T15:21:20.749Z - GET /api/runtime/status
2026-03-06T15:21:23.051Z - GET /api/runtime/status
2026-03-06T15:21:39.484Z - GET /api/runtime/status
error: script "dev:server" was terminated by signal SIGKILL (Forced quit)
