$ bun server/index.js --port ${KRONOSCHAMBER_PORT:-3001}
Starting KronosChamber on port 3001
macOS Say TTS available with 188 voices
[zen] Startup model validation failed (non-blocking): Unable to connect. Is the computer able to access the url?
KRONOSCODE_EXTERNAL_ONLY is enabled; attaching to external KronosCode on port 4096
Detected KronosCode port: 4096
Setting up proxy to KronosCode on port 4096
Serving static files from /Users/albsheralsadi/kronosfinal/kronoscoder/packages/web/dist
KronosChamber server running on port 3001
Health check: http://localhost:3001/health
Web interface: http://localhost:3001
[PushWatcher] connected
2026-03-05T06:50:31.877Z - GET /api/runtime/status
2026-03-05T06:50:34.880Z - GET /api/runtime/status
2026-03-05T06:50:37.881Z - GET /api/runtime/status
2026-03-05T06:50:40.882Z - GET /api/runtime/status
2026-03-05T06:50:43.886Z - GET /api/runtime/status
2026-03-05T06:50:46.888Z - GET /api/runtime/status
2026-03-05T06:50:49.893Z - GET /api/runtime/status
2026-03-05T06:50:52.899Z - GET /api/runtime/status
2026-03-05T06:50:55.903Z - GET /api/runtime/status
2026-03-05T06:50:58.906Z - GET /api/runtime/status
2026-03-05T06:51:01.915Z - GET /api/runtime/status
2026-03-05T06:52:55.069Z - GET /api/desktop-control/knowledge
2026-03-05T06:52:55.070Z - GET /api/browseros/status
2026-03-05T06:52:55.111Z - GET /api/runtime/status
2026-03-05T06:53:06.745Z - GET /api/runtime/status
2026-03-05T06:53:17.553Z - GET /api/runtime/status
error: script "dev:server" was terminated by signal SIGKILL (Forced quit)
